---
http_interactions:
- request:
    method: post
    uri: https://eds-api.ebscohost.com/authservice/rest/uidauth
    body:
      encoding: UTF-8
      string: '{"UserId":"FAKE_EDS_USER_ID","Password":"FAKE_EDS_PASSWORD","InterfaceId":"edsapi_ruby_gem"}'
    headers:
      Content-Type:
      - application/json;charset=UTF-8
      Accept:
      - application/json
      X-Sessiontoken:
      - ''
      X-Authenticationtoken:
      - ''
      User-Agent:
      - EBSCO EDS GEM v0.0.1
      Accept-Encoding:
      - gzip;q=1.0,deflate;q=0.6,identity;q=0.3
      Connection:
      - keep-alive
      Keep-Alive:
      - 30
  response:
    status:
      code: 200
      message: OK
    headers:
      Cache-Control:
      - private
      Content-Type:
      - application/json; charset=utf-8
      Date:
      - Fri, 22 Sep 2017 16:22:00 GMT
      Server:
      - Microsoft-IIS/8.5
      X-Aspnet-Version:
      - 4.0.30319
      X-Powered-By:
      - ASP.NET
      Content-Length:
      - '128'
    body:
      encoding: UTF-8
      string: '{"AuthToken":"FakeAuthenticationtoken","AuthTimeout":"1800"}'
    http_version: 
  recorded_at: Fri, 22 Sep 2017 16:07:48 GMT
- request:
    method: get
    uri: https://eds-api.ebscohost.com/edsapi/rest/CreateSession?displaydatabasename=y&guest=n&profile=FAKE_EDS_PROFILE
    body:
      encoding: US-ASCII
      string: ''
    headers:
      Content-Type:
      - application/json;charset=UTF-8
      Accept:
      - application/json
      X-Sessiontoken:
      - ''
      X-Authenticationtoken:
      - FakeAuthenticationtoken
      User-Agent:
      - EBSCO EDS GEM v0.0.1
      Accept-Encoding:
      - gzip;q=1.0,deflate;q=0.6,identity;q=0.3
      Connection:
      - keep-alive
      Keep-Alive:
      - 30
  response:
    status:
      code: 200
      message: OK
    headers:
      Cache-Control:
      - private
      Content-Type:
      - application/json; charset=utf-8
      Date:
      - Fri, 22 Sep 2017 16:22:00 GMT
      Server:
      - Microsoft-IIS/8.5
      X-Aspnet-Version:
      - 4.0.30319
      X-Authenticationtoken:
      - FakeAuthenticationtoken
      X-Msg-Correlid:
      - d2b2b982-c354-4646-9b27-35520311f744
      X-Powered-By:
      - ASP.NET
      X-Sessionno:
      - "-746598171"
      X-Sessiontoken:
      - FakeSessiontoken
      Content-Length:
      - '100'
    body:
      encoding: UTF-8
      string: '{"SessionToken":"FakeSessiontoken"}'
    http_version: 
  recorded_at: Fri, 22 Sep 2017 16:07:49 GMT
- request:
    method: get
    uri: https://eds-api.ebscohost.com/edsapi/rest/Info
    body:
      encoding: US-ASCII
      string: ''
    headers:
      Content-Type:
      - application/json;charset=UTF-8
      Accept:
      - application/json
      X-Sessiontoken:
      - FakeSessiontoken
      X-Authenticationtoken:
      - FakeAuthenticationtoken
      User-Agent:
      - EBSCO EDS GEM v0.0.1
      Accept-Encoding:
      - gzip;q=1.0,deflate;q=0.6,identity;q=0.3
      Connection:
      - keep-alive
      Keep-Alive:
      - 30
  response:
    status:
      code: 200
      message: OK
    headers:
      Cache-Control:
      - private
      Content-Type:
      - application/json; charset=utf-8
      Date:
      - Fri, 22 Sep 2017 16:22:01 GMT
      Server:
      - Microsoft-IIS/8.5
      X-Aspnet-Version:
      - 4.0.30319
      X-Authenticationtoken:
      - FakeAuthenticationtoken
      X-Msg-Correlid:
      - eebac749-6528-462e-842d-4c39d0c9f20c
      X-Powered-By:
      - ASP.NET
      X-Sessionno:
      - "-746598171"
      X-Sessiontoken:
      - FakeSessiontoken
      Content-Length:
      - '3631'
    body:
      encoding: UTF-8
      string: '{"AvailableSearchCriteria":{"AvailableSorts":[{"Id":"date","Label":"Date
        Newest","AddAction":"setsort(date)"},{"Id":"date2","Label":"Date Oldest","AddAction":"setsort(date2)"},{"Id":"relevance","Label":"Relevance","AddAction":"setsort(relevance)"}],"AvailableSearchFields":[{"FieldCode":"TX","Label":"All
        Text"},{"FieldCode":"AU","Label":"Author"},{"FieldCode":"TI","Label":"Title"},{"FieldCode":"SU","Label":"Subject
        Terms"},{"FieldCode":"SO","Label":"Source"},{"FieldCode":"AB","Label":"Abstract"},{"FieldCode":"IS","Label":"ISSN"},{"FieldCode":"IB","Label":"ISBN"}],"AvailableExpanders":[{"Id":"relatedsubjects","Label":"Apply
        equivalent subjects","AddAction":"addexpander(relatedsubjects)","DefaultOn":"n"},{"Id":"thesaurus","Label":"Apply
        related words","AddAction":"addexpander(thesaurus)","DefaultOn":"n"},{"Id":"fulltext","Label":"Also
        search within the full text of the articles","AddAction":"addexpander(fulltext)","DefaultOn":"y"}],"AvailableLimiters":[{"Id":"FT","Label":"Full
        Text","Type":"select","AddAction":"addlimiter(FT:value)","DefaultOn":"n","Order":"1"},{"Id":"TI","Label":"Reviewed
        Book Title","Type":"text","AddAction":"addlimiter(TI:value)","DefaultOn":"n","Order":"2"},{"Id":"FR","Label":"References
        Available","Type":"select","AddAction":"addlimiter(FR:value)","DefaultOn":"n","Order":"3"},{"Id":"RV","Label":"Peer
        Reviewed","Type":"select","AddAction":"addlimiter(RV:value)","DefaultOn":"n","Order":"4"},{"Id":"AU","Label":"Author","Type":"text","AddAction":"addlimiter(AU:value)","DefaultOn":"n","Order":"5"},{"Id":"SO","Label":"Journal
        Name","Type":"text","AddAction":"addlimiter(SO:value)","DefaultOn":"n","Order":"6"},{"Id":"DT1","Label":"Date
        Published","Type":"ymrange","AddAction":"addlimiter(DT1:value)","DefaultOn":"n","Order":"7"},{"Id":"LB","Label":"Location","Type":"multiselectvalue","LimiterValues":[{"Value":"MIT
        Barton Catalog","AddAction":"addlimiter(LB:MIT Barton Catalog)","LimiterValues":[{"Value":"Barker
        Library","AddAction":"addlimiter(LB:MIT Barton Catalog-Barker Library)"},{"Value":"Dewey
        Library","AddAction":"addlimiter(LB:MIT Barton Catalog-Dewey Library)"},{"Value":"Hayden
        Library - Humanities","AddAction":"addlimiter(LB:MIT Barton Catalog-Hayden
        Library - Humanities)"},{"Value":"Hayden Library - Science","AddAction":"addlimiter(LB:MIT
        Barton Catalog-Hayden Library - Science)"},{"Value":"Hayden Reserves","AddAction":"addlimiter(LB:MIT
        Barton Catalog-Hayden Reserves)"},{"Value":"Institute Archives","AddAction":"addlimiter(LB:MIT
        Barton Catalog-Institute Archives)"},{"Value":"Internet Resource","AddAction":"addlimiter(LB:MIT
        Barton Catalog-Internet Resource)"},{"Value":"Lewis Music Library","AddAction":"addlimiter(LB:MIT
        Barton Catalog-Lewis Music Library)"},{"Value":"Library Storage Annex","AddAction":"addlimiter(LB:MIT
        Barton Catalog-Library Storage Annex)"},{"Value":"Physics Dept. Reading Room","AddAction":"addlimiter(LB:MIT
        Barton Catalog-Physics Dept. Reading Room)"},{"Value":"Rotch Library","AddAction":"addlimiter(LB:MIT
        Barton Catalog-Rotch Library)"},{"Value":"Rotch Visual Collections","AddAction":"addlimiter(LB:MIT
        Barton Catalog-Rotch Visual Collections)"}]},{"Value":"MIT Course Reserves","AddAction":"addlimiter(LB:MIT
        Course Reserves)","LimiterValues":[{"Value":"Barker Library","AddAction":"addlimiter(LB:MIT
        Course Reserves-Barker Library)"},{"Value":"Dewey Library","AddAction":"addlimiter(LB:MIT
        Course Reserves-Dewey Library)"},{"Value":"Hayden Library - Humanities","AddAction":"addlimiter(LB:MIT
        Course Reserves-Hayden Library - Humanities)"},{"Value":"Hayden Library -
        Science","AddAction":"addlimiter(LB:MIT Course Reserves-Hayden Library - Science)"},{"Value":"Hayden
        Reserves","AddAction":"addlimiter(LB:MIT Course Reserves-Hayden Reserves)"},{"Value":"Institute
        Archives","AddAction":"addlimiter(LB:MIT Course Reserves-Institute Archives)"},{"Value":"Internet
        Resource","AddAction":"addlimiter(LB:MIT Course Reserves-Internet Resource)"},{"Value":"Lewis
        Music Library","AddAction":"addlimiter(LB:MIT Course Reserves-Lewis Music
        Library)"},{"Value":"Library Storage Annex","AddAction":"addlimiter(LB:MIT
        Course Reserves-Library Storage Annex)"},{"Value":"Physics Dept. Reading Room","AddAction":"addlimiter(LB:MIT
        Course Reserves-Physics Dept. Reading Room)"},{"Value":"Rotch Library","AddAction":"addlimiter(LB:MIT
        Course Reserves-Rotch Library)"},{"Value":"Rotch Visual Collections","AddAction":"addlimiter(LB:MIT
        Course Reserves-Rotch Visual Collections)"}]}],"DefaultOn":"n","Order":"8"},{"Id":"FT1","Label":"Available
        in Library Collection","Type":"select","AddAction":"addlimiter(FT1:value)","DefaultOn":"n","Order":"9"},{"Id":"LA99","Label":"Language","Type":"multiselectvalue","LimiterValues":[{"Value":"Catalan","AddAction":"addlimiter(LA99:Catalan)"},{"Value":"Chinese","AddAction":"addlimiter(LA99:Chinese)"},{"Value":"Croatian","AddAction":"addlimiter(LA99:Croatian)"},{"Value":"Dutch\/Flemish","AddAction":"addlimiter(LA99:Dutch\/Flemish)"},{"Value":"English","AddAction":"addlimiter(LA99:English)"},{"Value":"French","AddAction":"addlimiter(LA99:French)"},{"Value":"German","AddAction":"addlimiter(LA99:German)"},{"Value":"Italian","AddAction":"addlimiter(LA99:Italian)"},{"Value":"Lithuanian","AddAction":"addlimiter(LA99:Lithuanian)"},{"Value":"Portuguese","AddAction":"addlimiter(LA99:Portuguese)"},{"Value":"Romanian","AddAction":"addlimiter(LA99:Romanian)"},{"Value":"Russian","AddAction":"addlimiter(LA99:Russian)"},{"Value":"Spanish","AddAction":"addlimiter(LA99:Spanish)"},{"Value":"Turkish","AddAction":"addlimiter(LA99:Turkish)"},{"Value":"Bosnian","AddAction":"addlimiter(LA99:Bosnian)"},{"Value":"Czech","AddAction":"addlimiter(LA99:Czech)"},{"Value":"Finnish","AddAction":"addlimiter(LA99:Finnish)"},{"Value":"Hungarian","AddAction":"addlimiter(LA99:Hungarian)"},{"Value":"Latvian","AddAction":"addlimiter(LA99:Latvian)"},{"Value":"Norwegian","AddAction":"addlimiter(LA99:Norwegian)"},{"Value":"Polish","AddAction":"addlimiter(LA99:Polish)"},{"Value":"Slovak","AddAction":"addlimiter(LA99:Slovak)"},{"Value":"Slovenian","AddAction":"addlimiter(LA99:Slovenian)"},{"Value":"Serbian","AddAction":"addlimiter(LA99:Serbian)"},{"Value":"Ukrainian","AddAction":"addlimiter(LA99:Ukrainian)"},{"Value":"Afrikaans","AddAction":"addlimiter(LA99:Afrikaans)"},{"Value":"Japanese","AddAction":"addlimiter(LA99:Japanese)"},{"Value":"Persian","AddAction":"addlimiter(LA99:Persian)"},{"Value":"Swahili","AddAction":"addlimiter(LA99:Swahili)"},{"Value":"Swedish","AddAction":"addlimiter(LA99:Swedish)"},{"Value":"Arabic","AddAction":"addlimiter(LA99:Arabic)"},{"Value":"Azerbaijani","AddAction":"addlimiter(LA99:Azerbaijani)"},{"Value":"Basque","AddAction":"addlimiter(LA99:Basque)"},{"Value":"Bulgarian","AddAction":"addlimiter(LA99:Bulgarian)"},{"Value":"Danish","AddAction":"addlimiter(LA99:Danish)"},{"Value":"Greek","AddAction":"addlimiter(LA99:Greek)"},{"Value":"Hebrew","AddAction":"addlimiter(LA99:Hebrew)"},{"Value":"Hindi","AddAction":"addlimiter(LA99:Hindi)"},{"Value":"Icelandic","AddAction":"addlimiter(LA99:Icelandic)"},{"Value":"Indonesian","AddAction":"addlimiter(LA99:Indonesian)"},{"Value":"Korean","AddAction":"addlimiter(LA99:Korean)"},{"Value":"Latin","AddAction":"addlimiter(LA99:Latin)"},{"Value":"Malay","AddAction":"addlimiter(LA99:Malay)"},{"Value":"Serbo-Croatian","AddAction":"addlimiter(LA99:Serbo-Croatian)"},{"Value":"Urdu","AddAction":"addlimiter(LA99:Urdu)"},{"Value":"Dutch","AddAction":"addlimiter(LA99:Dutch)"},{"Value":"Welsh","AddAction":"addlimiter(LA99:Welsh)"},{"Value":"Albanian","AddAction":"addlimiter(LA99:Albanian)"},{"Value":"Armenian","AddAction":"addlimiter(LA99:Armenian)"},{"Value":"Georgian","AddAction":"addlimiter(LA99:Georgian)"},{"Value":"Macedonian","AddAction":"addlimiter(LA99:Macedonian)"},{"Value":"Thai","AddAction":"addlimiter(LA99:Thai)"},{"Value":"Greek,
        Modern","AddAction":"addlimiter(LA99:Greek\\, Modern)"},{"Value":"Abkhazian","AddAction":"addlimiter(LA99:Abkhazian)"},{"Value":"Belarusian","AddAction":"addlimiter(LA99:Belarusian)"},{"Value":"Catalan;
        Valencian","AddAction":"addlimiter(LA99:Catalan; Valencian)"},{"Value":"Spanish;
        Castilian","AddAction":"addlimiter(LA99:Spanish; Castilian)"},{"Value":"Dutch;
        Flemish","AddAction":"addlimiter(LA99:Dutch; Flemish)"},{"Value":"Galician","AddAction":"addlimiter(LA99:Galician)"},{"Value":"Romanian;
        Moldavian; Moldovan","AddAction":"addlimiter(LA99:Romanian; Moldavian; Moldovan)"},{"Value":"Sotho,
        Southern","AddAction":"addlimiter(LA99:Sotho\\, Southern)"},{"Value":"Venda","AddAction":"addlimiter(LA99:Venda)"},{"Value":"Xhosa","AddAction":"addlimiter(LA99:Xhosa)"},{"Value":"Zulu","AddAction":"addlimiter(LA99:Zulu)"},{"Value":"Aragonese","AddAction":"addlimiter(LA99:Aragonese)"},{"Value":"Breton","AddAction":"addlimiter(LA99:Breton)"},{"Value":"Greek,
        Ancient","AddAction":"addlimiter(LA99:Greek\\, Ancient)"},{"Value":"Occitan","AddAction":"addlimiter(LA99:Occitan)"},{"Value":"Ukranian","AddAction":"addlimiter(LA99:Ukranian)"},{"Value":"Estonian","AddAction":"addlimiter(LA99:Estonian)"},{"Value":"Irish","AddAction":"addlimiter(LA99:Irish)"},{"Value":"Modern
        Greek","AddAction":"addlimiter(LA99:Modern Greek)"},{"Value":"Tagalog","AddAction":"addlimiter(LA99:Tagalog)"},{"Value":"Amharic","AddAction":"addlimiter(LA99:Amharic)"},{"Value":"Mapudungun;
        Mapuche","AddAction":"addlimiter(LA99:Mapudungun; Mapuche)"},{"Value":"Asturian;
        Bable; Leonese; Asturleonese","AddAction":"addlimiter(LA99:Asturian; Bable;
        Leonese; Asturleonese)"},{"Value":"Australian languages","AddAction":"addlimiter(LA99:Australian
        languages)"},{"Value":"Bengali","AddAction":"addlimiter(LA99:Bengali)"},{"Value":"Burmese","AddAction":"addlimiter(LA99:Burmese)"},{"Value":"Central
        American Indian languages","AddAction":"addlimiter(LA99:Central American Indian
        languages)"},{"Value":"Chechen","AddAction":"addlimiter(LA99:Chechen)"},{"Value":"Coptic","AddAction":"addlimiter(LA99:Coptic)"},{"Value":"English,
        Middle (1100-1500)","AddAction":"addlimiter(LA99:English\\, Middle \\(1100-1500\\))"},{"Value":"Esperanto","AddAction":"addlimiter(LA99:Esperanto)"},{"Value":"Faroese","AddAction":"addlimiter(LA99:Faroese)"},{"Value":"Fijian","AddAction":"addlimiter(LA99:Fijian)"},{"Value":"Germanic
        languages","AddAction":"addlimiter(LA99:Germanic languages)"},{"Value":"Geez","AddAction":"addlimiter(LA99:Geez)"},{"Value":"Greek,
        Ancient (to 1453)","AddAction":"addlimiter(LA99:Greek\\, Ancient \\(to 1453\\))"},{"Value":"Greek,
        Modern (1453-)","AddAction":"addlimiter(LA99:Greek\\, Modern \\(1453-\\))"},{"Value":"Haitian;
        Haitian Creole","AddAction":"addlimiter(LA99:Haitian; Haitian Creole)"},{"Value":"Ido","AddAction":"addlimiter(LA99:Ido)"},{"Value":"Interlingua
        (International Auxiliary Language Association)","AddAction":"addlimiter(LA99:Interlingua
        \\(International Auxiliary Language Association\\))"},{"Value":"Javanese","AddAction":"addlimiter(LA99:Javanese)"},{"Value":"Judeo-Arabic","AddAction":"addlimiter(LA99:Judeo-Arabic)"},{"Value":"Kannada","AddAction":"addlimiter(LA99:Kannada)"},{"Value":"Luxembourgish;
        Letzeburgesch","AddAction":"addlimiter(LA99:Luxembourgish; Letzeburgesch)"},{"Value":"Malayalam","AddAction":"addlimiter(LA99:Malayalam)"},{"Value":"Austronesian
        languages","AddAction":"addlimiter(LA99:Austronesian languages)"},{"Value":"Maltese","AddAction":"addlimiter(LA99:Maltese)"},{"Value":"Mongolian","AddAction":"addlimiter(LA99:Mongolian)"},{"Value":"Nahuatl
        languages","AddAction":"addlimiter(LA99:Nahuatl languages)"},{"Value":"Neapolitan","AddAction":"addlimiter(LA99:Neapolitan)"},{"Value":"Bokmål,
        Norwegian; Norwegian Bokmål","AddAction":"addlimiter(LA99:Bokmål\\, Norwegian;
        Norwegian Bokmål)"},{"Value":"Norse, Old","AddAction":"addlimiter(LA99:Norse\\,
        Old)"},{"Value":"Occitan (post 1500)","AddAction":"addlimiter(LA99:Occitan
        \\(post 1500\\))"},{"Value":"Ojibwa","AddAction":"addlimiter(LA99:Ojibwa)"},{"Value":"Philippine
        languages","AddAction":"addlimiter(LA99:Philippine languages)"},{"Value":"Romany","AddAction":"addlimiter(LA99:Romany)"},{"Value":"Samaritan
        Aramaic","AddAction":"addlimiter(LA99:Samaritan Aramaic)"},{"Value":"Sanskrit","AddAction":"addlimiter(LA99:Sanskrit)"},{"Value":"Sinhala;
        Sinhalese","AddAction":"addlimiter(LA99:Sinhala; Sinhalese)"},{"Value":"Sundanese","AddAction":"addlimiter(LA99:Sundanese)"},{"Value":"Sumerian","AddAction":"addlimiter(LA99:Sumerian)"},{"Value":"Classical
        Syriac","AddAction":"addlimiter(LA99:Classical Syriac)"},{"Value":"Tibetan","AddAction":"addlimiter(LA99:Tibetan)"},{"Value":"Ugaritic","AddAction":"addlimiter(LA99:Ugaritic)"},{"Value":"Vietnamese","AddAction":"addlimiter(LA99:Vietnamese)"},{"Value":"Yiddish","AddAction":"addlimiter(LA99:Yiddish)"},{"Value":"Zapotec","AddAction":"addlimiter(LA99:Zapotec)"},{"Value":"Aromanian","AddAction":"addlimiter(LA99:Aromanian)"},{"Value":"Aymara","AddAction":"addlimiter(LA99:Aymara)"},{"Value":"Bambara","AddAction":"addlimiter(LA99:Bambara)"},{"Value":"Filipino","AddAction":"addlimiter(LA99:Filipino)"},{"Value":"Flemish","AddAction":"addlimiter(LA99:Flemish)"},{"Value":"Gaelic","AddAction":"addlimiter(LA99:Gaelic)"},{"Value":"Gujarati","AddAction":"addlimiter(LA99:Gujarati)"},{"Value":"Hausa","AddAction":"addlimiter(LA99:Hausa)"},{"Value":"Hawaiian","AddAction":"addlimiter(LA99:Hawaiian)"},{"Value":"Hmong","AddAction":"addlimiter(LA99:Hmong)"},{"Value":"Igbo","AddAction":"addlimiter(LA99:Igbo)"},{"Value":"javanese","AddAction":"addlimiter(LA99:javanese)"},{"Value":"Kashmiri","AddAction":"addlimiter(LA99:Kashmiri)"},{"Value":"Kurdish","AddAction":"addlimiter(LA99:Kurdish)"},{"Value":"Lao","AddAction":"addlimiter(LA99:Lao)"},{"Value":"Lingala","AddAction":"addlimiter(LA99:Lingala)"},{"Value":"Malagasy","AddAction":"addlimiter(LA99:Malagasy)"},{"Value":"Marathi","AddAction":"addlimiter(LA99:Marathi)"},{"Value":"Mende","AddAction":"addlimiter(LA99:Mende)"},{"Value":"Moldovan","AddAction":"addlimiter(LA99:Moldovan)"},{"Value":"Nepali","AddAction":"addlimiter(LA99:Nepali)"},{"Value":"Oriya","AddAction":"addlimiter(LA99:Oriya)"},{"Value":"Oromo","AddAction":"addlimiter(LA99:Oromo)"},{"Value":"Pashto","AddAction":"addlimiter(LA99:Pashto)"},{"Value":"Pidgin
        english","AddAction":"addlimiter(LA99:Pidgin english)"},{"Value":"Punjabi","AddAction":"addlimiter(LA99:Punjabi)"},{"Value":"Quechua","AddAction":"addlimiter(LA99:Quechua)"},{"Value":"Samoan","AddAction":"addlimiter(LA99:Samoan)"},{"Value":"Sango","AddAction":"addlimiter(LA99:Sango)"},{"Value":"Shona","AddAction":"addlimiter(LA99:Shona)"},{"Value":"Sinhala","AddAction":"addlimiter(LA99:Sinhala)"},{"Value":"Sotho","AddAction":"addlimiter(LA99:Sotho)"},{"Value":"Swati(swazi)","AddAction":"addlimiter(LA99:Swati\\(swazi\\))"},{"Value":"Swiss
        german","AddAction":"addlimiter(LA99:Swiss german)"},{"Value":"Tamashek","AddAction":"addlimiter(LA99:Tamashek)"},{"Value":"Tamil","AddAction":"addlimiter(LA99:Tamil)"},{"Value":"Tatar","AddAction":"addlimiter(LA99:Tatar)"},{"Value":"Tetum","AddAction":"addlimiter(LA99:Tetum)"},{"Value":"Turkmen","AddAction":"addlimiter(LA99:Turkmen)"},{"Value":"Wolof","AddAction":"addlimiter(LA99:Wolof)"},{"Value":"Yoruba","AddAction":"addlimiter(LA99:Yoruba)"},{"Value":"Aymara","AddAction":"addlimiter(LA99:Aymara)"},{"Value":"FRENCH","AddAction":"addlimiter(LA99:FRENCH)"},{"Value":"PORTUGUESE","AddAction":"addlimiter(LA99:PORTUGUESE)"},{"Value":"RUSSIAN","AddAction":"addlimiter(LA99:RUSSIAN)"},{"Value":"SPANISH","AddAction":"addlimiter(LA99:SPANISH)"},{"Value":"GERMAN","AddAction":"addlimiter(LA99:GERMAN)"},{"Value":"ENGLISH","AddAction":"addlimiter(LA99:ENGLISH)"},{"Value":"CHINESE","AddAction":"addlimiter(LA99:CHINESE)"},{"Value":"Belorussian","AddAction":"addlimiter(LA99:Belorussian)"},{"Value":"Kazakh","AddAction":"addlimiter(LA99:Kazakh)"},{"Value":"Malayan","AddAction":"addlimiter(LA99:Malayan)"},{"Value":"Moldavian","AddAction":"addlimiter(LA99:Moldavian)"},{"Value":"Uzbek","AddAction":"addlimiter(LA99:Uzbek)"}],"DefaultOn":"n","Order":"10"},{"Id":"FC","Label":"Catalog
        Only","Type":"select","AddAction":"addlimiter(FC:value)","DefaultOn":"n","Order":"11"}],"AvailableSearchModes":[{"Mode":"bool","Label":"Boolean\/Phrase","DefaultOn":"n","AddAction":"setsearchmode(bool)"},{"Mode":"all","Label":"Find
        all my search terms","DefaultOn":"y","AddAction":"setsearchmode(all)"},{"Mode":"any","Label":"Find
        any of my search terms","DefaultOn":"n","AddAction":"setsearchmode(any)"},{"Mode":"smart","Label":"SmartText
        Searching","DefaultOn":"n","AddAction":"setsearchmode(smart)"}],"AvailableRelatedContent":[{"Type":"emp","Label":"Exact
        Match Publication","DefaultOn":"y","AddAction":"includerelatedcontent(emp)"},{"Type":"rs","Label":"Research
        Starters","DefaultOn":"n","AddAction":"includerelatedcontent(rs)"}],"AvailableDidYouMeanOptions":[{"Id":"AutoSuggest","Label":"Did
        You Mean","DefaultOn":"y"},{"Id":"AutoCorrect","Label":"Auto Correct","DefaultOn":"n"}]},"ViewResultSettings":{"ResultsPerPage":"20","ResultListView":"brief"},"ApplicationSettings":{"SessionTimeout":"480"},"ApiSettings":{"MaxRecordJumpAhead":"250"}}'
    http_version: 
  recorded_at: Fri, 22 Sep 2017 16:07:49 GMT
- request:
    method: post
    uri: https://eds-api.ebscohost.com/edsapi/rest/Retrieve
    body:
      encoding: UTF-8
      string: '{"DbId":"qth","An":"17660728","HighlightTerms":null,"EbookPreferredFormat":"ebook-pdf"}'
    headers:
      Content-Type:
      - application/json;charset=UTF-8
      Accept:
      - application/json
      X-Sessiontoken:
      - FakeSessiontoken
      X-Authenticationtoken:
      - FakeAuthenticationtoken
      User-Agent:
      - EBSCO EDS GEM v0.0.1
      Accept-Encoding:
      - gzip;q=1.0,deflate;q=0.6,identity;q=0.3
      Connection:
      - keep-alive
      Keep-Alive:
      - 30
  response:
    status:
      code: 200
      message: OK
    headers:
      Cache-Control:
      - private
      Content-Type:
      - application/json; charset=utf-8
      Date:
      - Fri, 22 Sep 2017 16:22:01 GMT
      Server:
      - Microsoft-IIS/8.5
      X-Aspnet-Version:
      - 4.0.30319
      X-Authenticationtoken:
      - FakeAuthenticationtoken
      X-Msg-Correlid:
      - 520b98e3-9cdc-4ba0-a488-41f4e04d8194
      X-Powered-By:
      - ASP.NET
      X-Sessionno:
      - "-746598171"
      X-Sessiontoken:
      - FakeSessiontoken
      Content-Length:
      - '2095'
    body:
      encoding: UTF-8
      string: '{"Record":{"ResultId":1,"Header":{"DbId":"qth","DbLabel":"LGBT Life
        with Full Text","An":"17660728","PubType":"Book","PubTypeId":"book"},"PLink":"http:\/\/search.ebscohost.com\/login.aspx?direct=true&site=eds-live&db=qth&AN=17660728&authtype=sso&custid=s8978330","FullText":{"Text":{"Availability":"0"},"CustomLinks":[{"Url":"https:\/\/sfx.mit.edu\/sfx_local?genre=book&atitle=&title=The%20Organizational%20Shaping%20of%20Collective%20Identity%3A%20The%20Case%20of%20Lesbian%20and%20Gay%20Film%20Festivals%20in%20New%20York.&isbn=9780814718759&volume=&issue=&date=19970101&aulast=Gamson,
        Joshua&spage=526&pages=526-543&sid=EBSCO:LGBT%20Life%20with%20Full%20Text:17660728","Name":"SFX
        link (not subscribed resources)","Category":"fullText","Text":"Check SFX for
        availability","MouseOverText":"Check SFX for availability."}]},"Items":[{"Name":"Title","Label":"Title","Group":"Ti","Data":"The
        Organizational Shaping of Collective Identity: The Case of Lesbian and Gay
        Film Festivals in New York."},{"Name":"Author","Label":"Authors","Group":"Au","Data":"&lt;searchLink
        fieldCode=&quot;AR&quot; term=&quot;%22Gamson%2C+Joshua%22&quot;&gt;Gamson,
        Joshua&lt;\/searchLink&gt;&lt;relatesTo&gt;1&lt;\/relatesTo&gt;&lt;br \/&gt;&lt;searchLink
        fieldCode=&quot;AR&quot; term=&quot;%22Duberman%2C+Martin%22&quot;&gt;Duberman,
        Martin&lt;\/searchLink&gt;&lt;relatesTo&gt;2,3&lt;\/relatesTo&gt;"},{"Name":"TitleSource","Label":"Source","Group":"Src","Data":"&lt;searchLink
        fieldCode=&quot;JN&quot; term=&quot;%22Queer+World%3A+The+Center+for+Lesbian+%26+Gay+Studies+Reader%22&quot;&gt;Queer
        World: The Center for Lesbian &amp; Gay Studies Reader&lt;\/searchLink&gt;.
        1997, p526-543. 18p."},{"Name":"TypeDocument","Label":"Document Type","Group":"TypDoc","Data":"Article"},{"Name":"Subject","Label":"Subject
        Terms","Group":"Su","Data":"*&lt;searchLink fieldCode=&quot;DE&quot; term=&quot;%22Adaptability+%28Psychology%29%22&quot;&gt;Adaptability
        (Psychology)&lt;\/searchLink&gt;&lt;br \/&gt;*&lt;searchLink fieldCode=&quot;DE&quot;
        term=&quot;%22Gay+%26+lesbian+film+festivals%22&quot;&gt;Gay &amp; lesbian
        film festivals&lt;\/searchLink&gt;&lt;br \/&gt;*&lt;searchLink fieldCode=&quot;DE&quot;
        term=&quot;%22LGBT+film+festivals%22&quot;&gt;LGBT film festivals&lt;\/searchLink&gt;&lt;br
        \/&gt;&lt;searchLink fieldCode=&quot;DE&quot; term=&quot;%22Organization%22&quot;&gt;Organization&lt;\/searchLink&gt;"},{"Name":"SubjectGeographic","Label":"Geographic
        Terms","Group":"Su","Data":"&lt;searchLink fieldCode=&quot;DE&quot; term=&quot;%22New+York+%28State%29%22&quot;&gt;New
        York (State)&lt;\/searchLink&gt;"},{"Name":"Abstract","Label":"Abstract","Group":"Ab","Data":"This
        article analyzes the organizational adaptations to the external environment
        using the case of lesbian and gay film festivals in New York as basis. The
        shifting opportunities provided by the discovery of gay film as an artistic
        and commercial genre, most prominently, have made pursuits of higher cultural
        capital and demonstrations of consumer group status smart survival strategies.
        But these are not incidental inward moves. Success in the organizational field
        appears to favor identity formulations that are less explicitly oppositional
        and it is tempting to assert that this trajectory is a generalizable one."},{"Name":"AffiliationAuthor","Label":"Author
        Affiliations","Group":"AuInfo","Data":"&lt;relatesTo&gt;1&lt;\/relatesTo&gt;Assistant
        professor of sociology, Yale University&lt;br \/&gt;&lt;relatesTo&gt;2&lt;\/relatesTo&gt;Distinguished
        Professor of History, Lehman College and the Graduate Center of the City University
        of New York&lt;br \/&gt;&lt;relatesTo&gt;3&lt;\/relatesTo&gt;Founder, Center
        for Lesbian and Gay Studies (CLAGS)"},{"Name":"ISBN","Label":"ISBN","Group":"ISBN","Data":"9780814718759"},{"Name":"AN","Label":"Accession
        Number","Group":"ID","Data":"17660728"}],"RecordInfo":{"BibRecord":{"BibEntity":{"Languages":[{"Code":"eng","Text":"English"}],"PhysicalDescription":{"Pagination":{"PageCount":"18","StartPage":"526"}},"Subjects":[{"SubjectFull":"Adaptability
        (Psychology)","Type":"general"},{"SubjectFull":"Gay & lesbian film festivals","Type":"general"},{"SubjectFull":"LGBT
        film festivals","Type":"general"},{"SubjectFull":"Organization","Type":"general"},{"SubjectFull":"New
        York (State)","Type":"general"}],"Titles":[{"TitleFull":"The Organizational
        Shaping of Collective Identity: The Case of Lesbian and Gay Film Festivals
        in New York.","Type":"main"}]},"BibRelationships":{"HasContributorRelationships":[{"PersonEntity":{"Name":{"NameFull":"Gamson,
        Joshua"}}},{"PersonEntity":{"Name":{"NameFull":"Duberman, Martin"}}}],"IsPartOfRelationships":[{"BibEntity":{"Dates":[{"D":"01","M":"01","Text":"1997","Type":"published","Y":"1997"}],"Identifiers":[{"Type":"isbn-print","Value":"9780814718759"}],"Titles":[{"TitleFull":"Queer
        World: The Center for Lesbian & Gay Studies Reader","Type":"main"}]}}]}}}}}'
    http_version: 
  recorded_at: Fri, 22 Sep 2017 16:07:49 GMT
recorded_with: VCR 3.0.3
